
> evolve-therapy-services@0.1.0 build
> next build

node.exe : ΓÜá Warning: Next.js inferred your workspace root, but it may not be correct.
At line:1 char:1
+ & "C:\Program Files\nodejs/node.exe" "C:\Program Files\nodejs/node_mo ...
+ ~~~~~~~~~~~~~~~~~~~~~~~~~~~~~~~~~~~~~~~~~~~~~~~~~~~~~~~~~~~~~~~~~~~~~
    + CategoryInfo          : NotSpecified: (ΓÜá Warning: Ne...not be correct.:String) [], RemoteException
    + FullyQualifiedErrorId : NativeCommandError
 
 We detected multiple lockfiles and selected the directory of C:\Users\TEGAC\package-lock.json as the root directory.
 To silence this warning, set `turbopack.root` in your Next.js config, or consider removing one of the lockfiles if 
it's not needed.
   See https://nextjs.org/docs/app/api-reference/config/next-config-js/turbopack#root-directory for more information.
 Detected additional lockfiles: 
   * C:\Users\TEGAC\.gemini\antigravity\scratch\evolve-therapy-services\package-lock.json

Γû▓ Next.js 16.2.4 (Turbopack)
- Environments: .env.local

  Creating an optimized production build ...
Γ£ô Compiled successfully in 5.8s
  Running TypeScript ...
  Finished TypeScript in 4.3s ...
  Collecting page data using 11 workers ...
Error: Failed to collect configuration for /[...catchall]
    at ignore-listed frames {
  [cause]: Error: Attempted to call initPlasmicLoader() from the server but initPlasmicLoader is on the client. It's 
not possible to invoke a client function from the server, it can only be rendered as a Component or passed to props of 
a Client Component.
      at <unknown> (C:\Users\TEGAC\.gemini\antigravity\scratch\evolve-therapy-services\.next\server\chunks\ssr\_gemini_
antigravity_scratch_evolve-therapy-services_0~hcy46._.js:1:16393)
      at module evaluation (C:\Users\TEGAC\.gemini\antigravity\scratch\evolve-therapy-services\.next\server\chunks\ssr\
_gemini_antigravity_scratch_evolve-therapy-services_0~hcy46._.js:4:7849)
      at instantiateModule (C:\Users\TEGAC\.gemini\antigravity\scratch\evolve-therapy-services\.next\server\chunks\ssr\
[turbopack]_runtime.js:853:9)
      at getOrInstantiateModuleFromParent (C:\Users\TEGAC\.gemini\antigravity\scratch\evolve-therapy-services\.next\ser
ver\chunks\ssr\[turbopack]_runtime.js:877:12)
      at Context.esmImport [as i] (C:\Users\TEGAC\.gemini\antigravity\scratch\evolve-therapy-services\.next\server\chun
ks\ssr\[turbopack]_runtime.js:281:20)
      at module evaluation (C:\Users\TEGAC\.gemini\antigravity\scratch\evolve-therapy-services\.next\server\chunks\ssr\
_gemini_antigravity_scratch_evolve-therapy-services_0~hcy46._.js:4:8458)
      at instantiateModule (C:\Users\TEGAC\.gemini\antigravity\scratch\evolve-therapy-services\.next\server\chunks\ssr\
[turbopack]_runtime.js:853:9)
      at getOrInstantiateModuleFromParent (C:\Users\TEGAC\.gemini\antigravity\scratch\evolve-therapy-services\.next\ser
ver\chunks\ssr\[turbopack]_runtime.js:877:12)
      at Context.commonJsRequire [as r] (C:\Users\TEGAC\.gemini\antigravity\scratch\evolve-therapy-services\.next\serve
r\chunks\ssr\[turbopack]_runtime.js:302:12)
      at J.children.children.page (C:\Users\TEGAC\.gemini\antigravity\scratch\evolve-therapy-services\.next\server\chun
ks\ssr\0lw2_next_dist_esm_build_templates_app-page_0pec4bk.js:1:599)
}

> Build error occurred
Error: Failed to collect page data for /[...catchall]
    at ignore-listed frames {
  type: 'Error'
}
